LAYER 
    NAME "clu"

    PROJECTION
        "init=epsg:900913"
    END

    INCLUDE "connection.map"
    
    DATA "geometry from (select geometry as geometry, id as oid, to_char(hpd_acres(geometry),'999.99') ||' ac.' as acres from clu)  as foo USING UNIQUE oid USING SRID=900913"
   # FILTER "clucls = 2 or clucls = 10 and pohaku is not NULL"

    STATUS ON
    TYPE POLYGON
    
    METADATA
        "ows_description" "Common Land Unit"
        "ows_title" "clu"
        "ows_srs" "EPSG:900913"
#        "ows_extent" "-10275449 5139555.5 -10222990 5205389"
    END	 
    
    DEBUG OFF
    MAXSCALEDENOM 100000
    CLASSGROUP "Yellow"
    LABELITEM "acres"
    CLASS
        NAME "BlackOL"
        GROUP "Black"
    STYLE
        OUTLINECOLOR 0 0 0
        ANTIALIAS TRUE
        SYMBOL 0
        WIDTH 2
    END
    END
    CLASS
        NAME "YellowOL"
        GROUP "Yellow"
        LABEL
            FONT "consolas-bold"
            COLOR 0 0 0
            OUTLINECOLOR 230 248 145 
            OUTLINEWIDTH 3
            BUFFER 10
            SIZE 13
            POSITION AUTO
            TYPE TRUETYPE
            ANTIALIAS TRUE
            FORCE TRUE
            MINDISTANCE 150
        END
        STYLE
            OUTLINECOLOR 255 255 178
            ANTIALIAS TRUE
            SYMBOL 0
            WIDTH 2
        END
    END

    CLASS
        NAME "GreyOL"
        GROUP "Grey"
    STYLE
        OUTLINECOLOR 215 215 215
        ANTIALIAS TRUE
        SYMBOL 0
        WIDTH 2
    END
    END
    CLASS
        NAME "BlueOL"
        GROUP "Blue"
    STYLE
        OUTLINECOLOR 51 102 153
        ANTIALIAS TRUE
        SYMBOL 0
        WIDTH 2
    END
    END
#    TRANSPARENCY 30
	TEMPLATE "dummy.html"

END
