LAYER 
    NAME "clu"

    PROJECTION
        "init=epsg:900913"
    END

    INCLUDE "connection.map"
    
    DATA "geometry from (select geometry as geometry, id as oid, hpd_acres(geometry) as area, to_char(hpd_acres(geometry),'999.99') ||' ac.' as acres from clu)  as foo USING UNIQUE oid USING SRID=900913"

    STATUS ON
    TYPE POLYGON
    
    METADATA
        "ows_description" "Common Land Unit"
        "ows_title" "clu"
        "ows_srs" "EPSG:900913"
#        "ows_extent" "-10275449 5139555.5 -10222990 5205389"
    END  
    
    DEBUG OFF
    MAXSCALEDENOM 100000
    SYMBOLSCALEDENOM 8000
    CLASSGROUP "Yellow"
    LABELITEM "acres"
   CLASS
        NAME "YellowLabels"
        GROUP "Yellow"
        MAXSCALEDENOM 15000
        MINSCALEDENOM 5000
        EXPRESSION ([area] > 5.0)
        LABEL
            FONT "consolas-bold"
            COLOR 230 248 145
            BUFFER 5
            SIZE 14
            MINSIZE 2
            MINFEATURESIZE AUTO
            POSITION AUTO
            TYPE TRUETYPE
            ANTIALIAS TRUE
            PARTIALS FALSE
            FORCE TRUE
            ANGLE AUTO  
            MINDISTANCE 160
       END
        STYLE
            OUTLINECOLOR 255 255 178
            ANTIALIAS TRUE
            SYMBOL 0
            WIDTH 2
        END
    END
    CLASS
        NAME "YellowLabelsSmall"
        GROUP "Yellow"
        MAXSCALEDENOM 5000
        LABEL
            FONT "consolas-bold"
            COLOR 230 248 145
            SIZE 12
            MINSIZE 5
            MAXSIZE 18
            MINFEATURESIZE 40
            POSITION CC
            TYPE TRUETYPE
            ANTIALIAS TRUE
            PARTIALS FALSE
            FORCE TRUE
            ANGLE AUTO  
            MINDISTANCE 70
       END
        STYLE
            OUTLINECOLOR 255 255 178
            ANTIALIAS TRUE
            SYMBOL 0
            WIDTH 2
        END
    END
    CLASS
        NAME "YellowNoLabels"
        GROUP "Yellow"
        MAXSCALEDENOM 15000
         STYLE
            OUTLINECOLOR 255 255 178
            ANTIALIAS TRUE
            SYMBOL 0
            WIDTH 2
        END
    END
   CLASS
        NAME "YellowOL"
        GROUP "Yellow"
        MAXSCALEDENOM 100000
        MINSCALEDENOM 15000
        STYLE
            OUTLINECOLOR 255 255 178
            ANTIALIAS TRUE
            SYMBOL 0
            WIDTH 5
        END
    END


    TRANSPARENCY 70
    TEMPLATE "dummy.html"

END
