MAP

NAME 'commonlandunit'
STATUS ON

#MAXSIZE 2048
PROJECTION
    "init=EPSG:900913"
END
 

# select st_extent(geometry) from states;
EXTENT -11584239 4299198 -9438495 6338173 

#EXTENT -10275449 5139555.5 -10222990 5205389

UNITS meters
CONFIG "MS_ERRORFILE" "/Data/www/logs/www.commonlandunit.com-mapserver_log"
SHAPEPATH "/Data/www/commonlandunit.com/mapserver/data"
SYMBOLSET "/Data/www/commonlandunit.com/mapserver/symbols/symbols.sym"
FONTSET "/Data/www/commonlandunit.com/mapserver/symbols/fonts.txt"

CONFIG "PROJ_LIB" "/usr/local/share/proj"
#CONFIG "MS_ERRORFILE" "stderr"

DEBUG ON

DEFRESOLUTION 72
RESOLUTION 72


IMAGETYPE png

OUTPUTFORMAT
  NAME "png"
  DRIVER AGG/PNG
  MIMETYPE "image/png"
  IMAGEMODE RGBA
  EXTENSION "png"
END

LEGEND
    LABEL
        FONT "consolas-bold"
        ALIGN RIGHT
        TYPE TRUETYPE
        SIZE 10
        COLOR 0 0 0
        ANTIALIAS TRUE
    END
END

SCALEBAR
    STATUS ON
    UNITS FEET
    COLOR 0 0 0
    SIZE 384 12
    INTERVALS 3
    STYLE 1
    LABEL
        FONT "consolas-bold"
        ALIGN RIGHT
        TYPE TRUETYPE
        SIZE 10
        COLOR 0 0 0
        ANTIALIAS TRUE
    END    
END

#Start of web interface definition
#
WEB
    TEMPLATE 'printable.html'
    HEADER "query_header.html"
    FOOTER "query_footer.html"
    IMAGEPATH "/tmp/"
    IMAGEURL "/tmp/"

    METADATA
        WMS_ONLINERESOURCE 'http://commonlandunit.com/cgi-bin/mapserver'
        WMS_SRS 'EPSG:900913'
        WMS_ACCESSCONSTRAINTS 'None'
        WMS_TITLE 'commonlandunit.com'
        WMS_FEATURE_INFO_MIME_TYPE 'text/plain'
        WMS_ABSTRACT 'USDA Command Land Unit'
        OWS_ENABLE_REQUEST "*"
       "labelcache_map_edge_buffer" "-10"
    END 

END

#INCLUDE "naip.map"
INCLUDE "states.map"
INCLUDE "counties.map"
INCLUDE "clu.map"

END #MAP
