# http://commonlandunit.com/cgi-bin/mapserver?request=GetMap&version=1.1.1&width=1024&height=1024&layers=states&srs=EPSG:3857&bbox=-11584239,4299198,-9438495,6338173&styles=&format=image/png

LAYER 
    NAME "states"

    PROJECTION
        "init=epsg:3857"
    END

    INCLUDE "connection.map"

    DATA "geometry from (select geometry as geometry, id as oid, name as name from states) as foo USING UNIQUE oid USING SRID=3857"

    TYPE POLYGON
    STATUS ON

    CLASSGROUP "Black"
    LABELITEM "name"

    CLASS
    GROUP "Orange"
    STYLE
        OUTLINECOLOR 252 95 42
        ANTIALIAS TRUE
        SYMBOL 0
        WIDTH 2
    END
    END

    VALIDATION
        "filter" ".*"
    END

    CLASS
    GROUP "Black"
    STYLE
        OUTLINECOLOR 0 0 0
        ANTIALIAS TRUE
        SYMBOL 0
        WIDTH 2
    END
    END

    CLASS
    GROUP "BlackLabeled"
        LABEL
            FONT "consolas-bold"
            COLOR 0 0 0
            OUTLINECOLOR 255 255 255
            BUFFER 10
            SIZE 20
            POSITION AUTO
            TYPE TRUETYPE
            ANTIALIAS TRUE
            PARTIALS FALSE
            MINDISTANCE 150
        END
    STYLE
        OUTLINECOLOR 0 0 0
        ANTIALIAS TRUE
        SYMBOL 0
        WIDTH 2
    END
    END

        CLASS
        GROUP "WhiteLabeled"
            LABEL
                FONT "consolas-bold"
                COLOR 0 0 0
                OUTLINECOLOR 230 248 145 
                OUTLINEWIDTH 3
                BUFFER 10
                SIZE 20
                POSITION AUTO
                TYPE TRUETYPE
                ANTIALIAS TRUE
                PARTIALS FALSE
                MINDISTANCE 150
            END
        STYLE
            OUTLINECOLOR 0 0 0
            ANTIALIAS TRUE
            SYMBOL 0
            WIDTH 4
        END
        END

    TEMPLATE "dummy.html"

END
